\BOOKMARK [1][-]{section.1}{\376\377\000S\000y\000s\000t\000e\000m\000\040\000D\000e\000s\000i\000g\000n\000\040\000a\000n\000d\000\040\000D\000e\000s\000i\000g\000n\000\040\000C\000h\000o\000i\000c\000e\000s}{}% 1
\BOOKMARK [2][-]{subsection.1.1}{\376\377\000P\000r\000o\000b\000l\000e\000m\000s\000\040\000t\000o\000\040\000S\000o\000l\000v\000e}{section.1}% 2
\BOOKMARK [2][-]{subsection.1.2}{\376\377\000D\000e\000s\000i\000g\000n\000\040\000C\000h\000o\000i\000c\000e\000s\000\040\000a\000n\000d\000\040\000R\000a\000t\000i\000o\000n\000a\000l\000e}{section.1}% 3
\BOOKMARK [3][-]{subsubsection.1.2.1}{\376\377\000H\000y\000b\000r\000i\000d\000\040\000S\000e\000a\000r\000c\000h\000\040\000I\000n\000s\000t\000e\000a\000d\000\040\000o\000f\000\040\000K\000e\000y\000w\000o\000r\000d\000-\000O\000n\000l\000y\000\040\000o\000r\000\040\000S\000e\000m\000a\000n\000t\000i\000c\000-\000O\000n\000l\000y}{subsection.1.2}% 4
\BOOKMARK [3][-]{subsubsection.1.2.2}{\376\377\000R\000a\000n\000k\000i\000n\000g\000\040\000I\000n\000s\000t\000e\000a\000d\000\040\000o\000f\000\040\000R\000e\000t\000u\000r\000n\000i\000n\000g\000\040\000A\000l\000l\000\040\000R\000e\000s\000u\000l\000t\000s}{subsection.1.2}% 5
\BOOKMARK [3][-]{subsubsection.1.2.3}{\376\377\000S\000u\000p\000p\000o\000r\000t\000\040\000f\000o\000r\000\040\000F\000u\000z\000z\000y\000\040\000M\000a\000t\000c\000h\000i\000n\000g\000,\000\040\000S\000y\000n\000o\000n\000y\000m\000s\000,\000\040\000a\000n\000d\000\040\000C\000r\000o\000s\000s\000-\000L\000a\000n\000g\000u\000a\000g\000e\000\040\000S\000e\000a\000r\000c\000h}{subsection.1.2}% 6
\BOOKMARK [3][-]{subsubsection.1.2.4}{\376\377\000M\000o\000d\000u\000l\000a\000r\000\040\000A\000r\000c\000h\000i\000t\000e\000c\000t\000u\000r\000e\000\040\000w\000i\000t\000h\000\040\000T\000h\000r\000e\000e\000\040\000C\000o\000m\000p\000o\000n\000e\000n\000t\000s}{subsection.1.2}% 7
\BOOKMARK [2][-]{subsection.1.3}{\376\377\000S\000y\000s\000t\000e\000m\000\040\000A\000r\000c\000h\000i\000t\000e\000c\000t\000u\000r\000e}{section.1}% 8
\BOOKMARK [1][-]{section.2}{\376\377\000I\000m\000p\000l\000e\000m\000e\000n\000t\000a\000t\000i\000o\000n}{}% 9
\BOOKMARK [2][-]{subsection.2.1}{\376\377\000D\000a\000t\000a\000\040\000C\000o\000l\000l\000e\000c\000t\000i\000o\000n\000\040\000a\000n\000d\000\040\000P\000r\000o\000c\000e\000s\000s\000i\000n\000g}{section.2}% 10
\BOOKMARK [3][-]{subsubsection.2.1.1}{\376\377\000I\000b\000\040\000S\000c\000r\000a\000p\000i\000n\000g}{subsection.2.1}% 11
\BOOKMARK [3][-]{subsubsection.2.1.2}{\376\377\000D\000a\000t\000a\000\040\000C\000l\000e\000a\000n\000i\000n\000g}{subsection.2.1}% 12
\BOOKMARK [3][-]{subsubsection.2.1.3}{\376\377\000I\000n\000d\000e\000x\000i\000n\000g}{subsection.2.1}% 13
\BOOKMARK [2][-]{subsection.2.2}{\376\377\000T\000e\000c\000h\000n\000o\000l\000o\000g\000y\000\040\000C\000h\000o\000i\000c\000e\000s\000\040\000f\000o\000r\000\040\000S\000e\000a\000r\000c\000h\000\040\000I\000m\000p\000l\000e\000m\000e\000n\000t\000a\000t\000i\000o\000n}{section.2}% 14
\BOOKMARK [3][-]{subsubsection.2.2.1}{\376\377\000H\000y\000b\000r\000i\000d\000\040\000S\000e\000a\000r\000c\000h\000\040\000I\000n\000t\000e\000g\000r\000a\000t\000i\000o\000n}{subsection.2.2}% 15
\BOOKMARK [3][-]{subsubsection.2.2.2}{\376\377\000S\000c\000o\000r\000e\000\040\000C\000o\000m\000b\000i\000n\000a\000t\000i\000o\000n\000\040\000M\000e\000t\000h\000o\000d}{subsection.2.2}% 16
\BOOKMARK [3][-]{subsubsection.2.2.3}{\376\377\000F\000i\000l\000t\000e\000r\000i\000n\000g\000\040\000I\000m\000p\000l\000e\000m\000e\000n\000t\000a\000t\000i\000o\000n}{subsection.2.2}% 17
\BOOKMARK [2][-]{subsection.2.3}{\376\377\000U\000s\000e\000r\000\040\000I\000n\000t\000e\000r\000f\000a\000c\000e\000\040\000F\000e\000a\000t\000u\000r\000e\000s}{section.2}% 18
\BOOKMARK [3][-]{subsubsection.2.3.1}{\376\377\000S\000e\000a\000r\000c\000h\000\040\000F\000u\000n\000c\000t\000i\000o\000n\000a\000l\000i\000t\000y}{subsection.2.3}% 19
\BOOKMARK [3][-]{subsubsection.2.3.2}{\376\377\000M\000u\000l\000t\000i\000-\000D\000i\000m\000e\000n\000s\000i\000o\000n\000a\000l\000\040\000F\000i\000l\000t\000e\000r\000i\000n\000g}{subsection.2.3}% 20
\BOOKMARK [3][-]{subsubsection.2.3.3}{\376\377\000S\000o\000r\000t\000i\000n\000g\000\040\000O\000p\000t\000i\000o\000n\000s}{subsection.2.3}% 21
\BOOKMARK [3][-]{subsubsection.2.3.4}{\376\377\000R\000e\000s\000u\000l\000t\000\040\000D\000i\000s\000p\000l\000a\000y}{subsection.2.3}% 22
\BOOKMARK [3][-]{subsubsection.2.3.5}{\376\377\000U\000s\000e\000r\000\040\000F\000e\000e\000d\000b\000a\000c\000k\000\040\000S\000y\000s\000t\000e\000m}{subsection.2.3}% 23
\BOOKMARK [3][-]{subsubsection.2.3.6}{\376\377\000R\000e\000s\000p\000o\000n\000s\000i\000v\000e\000\040\000D\000e\000s\000i\000g\000n}{subsection.2.3}% 24
\BOOKMARK [1][-]{section.3}{\376\377\000E\000v\000a\000l\000u\000a\000t\000i\000o\000n}{}% 25
\BOOKMARK [2][-]{subsection.3.1}{\376\377\000E\000v\000a\000l\000u\000a\000t\000i\000o\000n\000\040\000D\000e\000s\000i\000g\000n}{section.3}% 26
\BOOKMARK [2][-]{subsection.3.2}{\376\377\000E\000v\000a\000l\000u\000a\000t\000i\000o\000n\000\040\000R\000e\000s\000u\000l\000t\000s}{section.3}% 27
\BOOKMARK [3][-]{subsubsection.3.2.1}{\376\377\000T\000a\000s\000k\000\040\0001\000:\000\040\000K\000e\000y\000w\000o\000r\000d\000\040\000C\000o\000m\000b\000i\000n\000a\000t\000i\000o\000n\000\040\000S\000e\000a\000r\000c\000h}{subsection.3.2}% 28
\BOOKMARK [3][-]{subsubsection.3.2.2}{\376\377\000T\000a\000s\000k\000\040\0002\000:\000\040\000P\000r\000i\000c\000e\000\040\000a\000n\000d\000\040\000T\000a\000g\000\040\000F\000i\000l\000t\000e\000r\000i\000n\000g}{subsection.3.2}% 29
\BOOKMARK [3][-]{subsubsection.3.2.3}{\376\377\000T\000a\000s\000k\000\040\0003\000:\000\040\000C\000r\000o\000s\000s\000-\000L\000a\000n\000g\000u\000a\000g\000e\000\040\000S\000e\000m\000a\000n\000t\000i\000c\000\040\000S\000e\000a\000r\000c\000h}{subsection.3.2}% 30
\BOOKMARK [3][-]{subsubsection.3.2.4}{\376\377\000O\000v\000e\000r\000a\000l\000l\000\040\000S\000y\000s\000t\000e\000m\000\040\000P\000e\000r\000f\000o\000r\000m\000a\000n\000c\000e}{subsection.3.2}% 31
\BOOKMARK [3][-]{subsubsection.3.2.5}{\376\377\000U\000s\000e\000r\000\040\000E\000x\000p\000e\000r\000i\000e\000n\000c\000e\000\040\000Q\000u\000e\000s\000t\000i\000o\000n\000n\000a\000i\000r\000e\000\040\000\050\000U\000E\000Q\000\051\000\040\000R\000e\000s\000u\000l\000t\000s}{subsection.3.2}% 32
\BOOKMARK [1][-]{section.4}{\376\377\000C\000o\000n\000c\000l\000u\000s\000i\000o\000n}{}% 33
\BOOKMARK [2][-]{subsection.4.1}{\376\377\000U\000s\000e\000r\000\040\000E\000x\000p\000e\000r\000i\000e\000n\000c\000e\000\040\000A\000c\000h\000i\000e\000v\000e\000m\000e\000n\000t\000s}{section.4}% 34
